BL51 BANKED LINKER/LOCATER V6.22.4.0                                                    07/30/2026  15:48:51  PAGE 1


BL51 BANKED LINKER/LOCATER V6.22.4.0, INVOKED BY:
C:\KEIL_V5\C51\BIN\BL51.EXE .\Objects\Debug.obj, .\Objects\MATRIX.obj, .\Objects\main.obj, .\Objects\USB_HANDLER.obj TO 
>> .\Objects\K870T PRINT (.\Listings\K870T.m51) RAMSIZE (256)


MEMORY MODEL: LARGE


INPUT MODULES INCLUDED:
  .\Objects\Debug.obj (DEBUG)
  .\Objects\MATRIX.obj (MATRIX)
  .\Objects\main.obj (MAIN)
  .\Objects\USB_HANDLER.obj (USB_HANDLER)
  C:\KEIL_V5\C51\LIB\C51L.LIB (?C_STARTUP)
  C:\KEIL_V5\C51\LIB\C51L.LIB (?C?CLDOPTR)
  C:\KEIL_V5\C51\LIB\C51L.LIB (?C?IILDX)
  C:\KEIL_V5\C51\LIB\C51L.LIB (?C?PLDXDATA)
  C:\KEIL_V5\C51\LIB\C51L.LIB (?C?PSTXDATA)
  C:\KEIL_V5\C51\LIB\C51L.LIB (?C_INIT)


LINK MAP OF MODULE:  .\Objects\K870T (DEBUG)


            TYPE    BASE      LENGTH    RELOCATION   SEGMENT NAME
            -----------------------------------------------------

            * * * * * * *   D A T A   M E M O R Y   * * * * * * *
            REG     0000H     0008H     ABSOLUTE     "REG BANK 0"
            REG     0008H     0008H     ABSOLUTE     "REG BANK 1"
            IDATA   0010H     0001H     UNIT         ?STACK

            * * * * * * *  X D A T A   M E M O R Y  * * * * * * *
            XDATA   0000H     0017H     UNIT         ?XD?MATRIX
            XDATA   0017H     000CH     UNIT         _XDATA_GROUP_
            XDATA   0023H     0009H     UNIT         ?XD?USB_HANDLER

            * * * * * * *   C O D E   M E M O R Y   * * * * * * *
            CODE    0000H     0003H     ABSOLUTE     
                    0003H     0038H                  *** GAP ***
            CODE    003BH     0003H     ABSOLUTE     
                    003EH     07C2H                  *** GAP ***
            CODE    0800H     027AH     UNIT         ?PR?USB_DEVICEINTERRUPT?USB_HANDLER
            CODE    0A7AH     022CH     UNIT         ?PR?MATRIX_SCAN?MATRIX
            CODE    0CA6H     00CEH     UNIT         ?CO?MATRIX
            CODE    0D74H     0090H     UNIT         ?CO?USB_HANDLER
            CODE    0E04H     008CH     UNIT         ?C_C51STARTUP
            CODE    0E90H     008BH     UNIT         ?PR?USB_HANDLER
            CODE    0F1BH     0055H     UNIT         ?C?LIB_CODE
            CODE    0F70H     0045H     UNIT         ?PR?MATRIX_INIT?MATRIX
            CODE    0FB5H     003FH     UNIT         ?PR?_SEND_KEYBOARD_REPORT?USB_HANDLER
            CODE    0FF4H     003CH     UNIT         ?PR?MAIN?MAIN
            CODE    1030H     0032H     UNIT         ?C_INITSEG
            CODE    1062H     0024H     UNIT         ?PR?INITUSB_DEVICE?USB_HANDLER
            CODE    1086H     001FH     UNIT         ?PR?MATRIX
            CODE    10A5H     0017H     UNIT         ?PR?_MDELAYMS?DEBUG
            CODE    10BCH     0012H     UNIT         ?PR?CFGFSYS?DEBUG
            CODE    10CEH     0010H     UNIT         ?PR?_MDELAYUS?DEBUG
BL51 BANKED LINKER/LOCATER V6.22.4.0                                                  07/30/2026  15:48:51  PAGE 2





OVERLAY MAP OF MODULE:   .\Objects\K870T (DEBUG)


SEGMENT                                         XDATA_GROUP
  +--> CALLED SEGMENT                         START    LENGTH
-------------------------------------------------------------
?PR?USB_DEVICEINTERRUPT?USB_HANDLER           0017H    0004H
  +--> ?PR?USB_HANDLER
  +--> ?CO?USB_HANDLER

*** NEW ROOT ***************************************************

?C_C51STARTUP                                 -----    -----
  +--> ?PR?MAIN?MAIN
  +--> ?C_INITSEG

?PR?MAIN?MAIN                                 -----    -----
  +--> ?PR?CFGFSYS?DEBUG
  +--> ?PR?_MDELAYMS?DEBUG
  +--> ?PR?MATRIX_INIT?MATRIX
  +--> ?PR?INITUSB_DEVICE?USB_HANDLER
  +--> ?PR?MATRIX_SCAN?MATRIX
  +--> ?PR?_SEND_KEYBOARD_REPORT?USB_HANDLER

?PR?_MDELAYMS?DEBUG                           -----    -----
  +--> ?PR?_MDELAYUS?DEBUG

?PR?MATRIX_INIT?MATRIX                        -----    -----
  +--> ?PR?MATRIX

?PR?INITUSB_DEVICE?USB_HANDLER                -----    -----
  +--> ?PR?USB_HANDLER

?PR?MATRIX_SCAN?MATRIX                        001BH    0008H
  +--> ?PR?MATRIX
  +--> ?CO?MATRIX
  +--> ?PR?_MDELAYUS?DEBUG

?PR?_SEND_KEYBOARD_REPORT?USB_HANDLER         001BH    0004H
  +--> ?PR?USB_HANDLER



SYMBOL TABLE OF MODULE:  .\Objects\K870T (DEBUG)

  VALUE           TYPE          NAME
  ----------------------------------

  -------         MODULE        DEBUG
  C:0000H         SYMBOL        _ICE_DUMMY_
  D:0080H         PUBLIC        P0
  D:0090H         PUBLIC        P1
  D:00A0H         PUBLIC        P2
  D:00B0H         PUBLIC        P3
BL51 BANKED LINKER/LOCATER V6.22.4.0                                                  07/30/2026  15:48:51  PAGE 3


  D:00C0H         PUBLIC        P4
  D:00E8H         PUBLIC        IE_EX
  D:00A8H         PUBLIC        IE
  D:00B8H         PUBLIC        IP
  D:00B9H         PUBLIC        CLOCK_CFG
  C:10A5H         PUBLIC        _mDelaymS
  C:10CEH         PUBLIC        _mDelayuS
  D:0098H         PUBLIC        SCON
  D:0088H         PUBLIC        TCON
  C:10BCH         PUBLIC        CfgFsys
  D:00F8H         PUBLIC        SPI0_STAT
  D:00A1H         PUBLIC        SAFE_MOD
  D:00C8H         PUBLIC        T2CON
  D:00D0H         PUBLIC        PSW
  -------         PROC          CFGFSYS
  C:10BCH         LINE#         8
  C:10BCH         LINE#         9
  C:10BCH         LINE#         10
  C:10BFH         LINE#         11
  C:10C2H         LINE#         13
  C:10CAH         LINE#         14
  C:10CDH         LINE#         15
  -------         ENDPROC       CFGFSYS
  -------         PROC          _MDELAYUS
  D:0006H         SYMBOL        n
  C:10CEH         LINE#         17
  C:10CEH         LINE#         18
  C:10CEH         LINE#         19
  C:10D2H         LINE#         20
  C:10D4H         LINE#         21
  C:10D6H         LINE#         22
  C:10DBH         LINE#         23
  C:10DDH         LINE#         24
  -------         ENDPROC       _MDELAYUS
  -------         PROC          _MDELAYMS
  D:0004H         SYMBOL        n
  C:10A5H         LINE#         26
  C:10A9H         LINE#         27
  C:10A9H         LINE#         28
  C:10ADH         LINE#         29
  C:10B4H         LINE#         30
  C:10B9H         LINE#         31
  C:10BBH         LINE#         32
  -------         ENDPROC       _MDELAYMS
  -------         ENDMOD        DEBUG

  -------         MODULE        MATRIX
  C:0000H         SYMBOL        _ICE_DUMMY_
  D:0080H         PUBLIC        P0
  D:0090H         PUBLIC        P1
  D:00A0H         PUBLIC        P2
  D:00B0H         PUBLIC        P3
  D:00C0H         PUBLIC        P4
  C:0D14H         PUBLIC        Palette_R
  D:00F1H         PUBLIC        P7
  D:00E8H         PUBLIC        IE_EX
  D:00A8H         PUBLIC        IE
BL51 BANKED LINKER/LOCATER V6.22.4.0                                                  07/30/2026  15:48:51  PAGE 4


  X:0001H         SYMBOL        FrameCnt
  D:00B8H         PUBLIC        IP
  X:0002H         SYMBOL        PrevReport
  X:000AH         SYMBOL        HueShift
  C:0CA6H         PUBLIC        BitMask
  X:000BH         PUBLIC        ReportChanged
  X:000CH         SYMBOL        HueTick
  D:0098H         PUBLIC        SCON
  D:00C4H         PUBLIC        P0_MOD_OC
  D:0088H         PUBLIC        TCON
  D:0092H         PUBLIC        P1_MOD_OC
  D:0094H         PUBLIC        P2_MOD_OC
  X:000DH         PUBLIC        KeyboardReport
  D:0096H         PUBLIC        P3_MOD_OC
  D:00C2H         PUBLIC        P4_MOD_OC
  D:00F8H         PUBLIC        SPI0_STAT
  D:00C5H         PUBLIC        P0_DIR_PU
  D:0093H         PUBLIC        P1_DIR_PU
  D:0095H         PUBLIC        P2_DIR_PU
  D:0097H         PUBLIC        P3_DIR_PU
  C:0CAEH         PUBLIC        KeyMap
  D:00C3H         PUBLIC        P4_DIR_PU
  X:0015H         PUBLIC        LedOn
  B:00A0H.7       PUBLIC        ENCODER_PAD_A
  B:00B0H.7       PUBLIC        ENCODER_PAD_B
  C:0A7AH         PUBLIC        Matrix_Scan
  D:00C8H         PUBLIC        T2CON
  X:0016H         SYMBOL        LedKeyDebounce
  C:0F70H         PUBLIC        Matrix_Init
  C:0D54H         PUBLIC        Palette_B
  C:0D34H         PUBLIC        Palette_G
  D:00D0H         PUBLIC        PSW
  C:1086H         SYMBOL        Com0033
  C:1086H         SYMBOL        L?0052
  C:1086H         SYMBOL        L?0053
  C:1091H         SYMBOL        L?0054
  C:1093H         SYMBOL        L?0055
  C:109BH         SYMBOL        L?0056
  -------         PROC          COM0033
  -------         ENDPROC       COM0033
  -------         PROC          MATRIX_INIT
  -------         DO            
  D:0007H         SYMBOL        i
  -------         ENDDO         
  C:0F70H         LINE#         29
  C:0F70H         LINE#         30
  C:0F70H         LINE#         33
  C:0F79H         LINE#         34
  C:0F7CH         LINE#         35
  C:0F85H         LINE#         37
  C:0F8EH         LINE#         38
  C:0F97H         LINE#         39
  C:0FA0H         LINE#         41
  C:0FA2H         LINE#         42
  C:0FA7H         LINE#         43
  C:0FAFH         LINE#         44
  C:0FB4H         LINE#         45
BL51 BANKED LINKER/LOCATER V6.22.4.0                                                  07/30/2026  15:48:51  PAGE 5


  -------         ENDPROC       MATRIX_INIT
  -------         PROC          MATRIX_SCAN
  -------         DO            
  D:0004H         SYMBOL        r
  X:001BH         SYMBOL        c
  D:0006H         SYMBOL        keycode
  X:001CH         SYMBOL        key_count
  X:001DH         SYMBOL        i
  X:001EH         SYMBOL        led_key_pressed
  X:001FH         SYMBOL        col_r
  X:0020H         SYMBOL        col_g
  X:0021H         SYMBOL        col_b
  D:0007H         SYMBOL        idx
  X:0022H         SYMBOL        toggle
  X:0000H         SYMBOL        last_a
  D:0007H         SYMBOL        curr_a
  -------         ENDDO         
  C:0A7AH         LINE#         47
  C:0A7AH         LINE#         48
  C:0A7AH         LINE#         49
  C:0A7FH         LINE#         50
  C:0A83H         LINE#         55
  C:0A9EH         LINE#         57
  C:0AA4H         LINE#         58
  C:0AABH         LINE#         61
  C:0AB6H         LINE#         62
  C:0AB8H         LINE#         63
  C:0AC0H         LINE#         64
  C:0AC0H         LINE#         66
  C:0AD2H         LINE#         68
  C:0AD8H         LINE#         70
  C:0AE1H         LINE#         74
  C:0AE9H         LINE#         75
  C:0AF2H         LINE#         76
  C:0AFBH         LINE#         77
  C:0AFDH         LINE#         78
  C:0B0AH         LINE#         79
  C:0B0AH         LINE#         81
  C:0B1FH         LINE#         82
  C:0B2FH         LINE#         84
  C:0B32H         LINE#         85
  C:0B47H         LINE#         88
  C:0B4AH         LINE#         89
  C:0B5EH         LINE#         90
  C:0B6BH         LINE#         91
  C:0B74H         LINE#         92
  C:0B7DH         LINE#         93
  C:0B85H         LINE#         95
  C:0B8CH         LINE#         98
  C:0B8FH         LINE#         99
  C:0B92H         LINE#         100
  C:0B99H         LINE#         102
  C:0B9BH         LINE#         103
  C:0BA4H         LINE#         104
  C:0BC4H         LINE#         106
  C:0BC7H         LINE#         107
  C:0BCDH         LINE#         108
BL51 BANKED LINKER/LOCATER V6.22.4.0                                                  07/30/2026  15:48:51  PAGE 6


  C:0BCFH         LINE#         109
  C:0BD2H         LINE#         110
  C:0BDDH         LINE#         111
  C:0BEEH         LINE#         112
  C:0BF0H         LINE#         113
  C:0BFAH         LINE#         114
  C:0C06H         LINE#         115
  C:0C0CH         LINE#         116
  C:0C0CH         LINE#         117
  C:0C0CH         LINE#         118
  C:0C0CH         LINE#         119
  C:0C12H         LINE#         120
  C:0C1BH         LINE#         122
  C:0C21H         LINE#         123
  C:0C27H         LINE#         124
  C:0C38H         LINE#         125
  C:0C3CH         LINE#         126
  C:0C3CH         LINE#         127
  C:0C3EH         LINE#         128
  C:0C43H         LINE#         129
  C:0C43H         LINE#         131
  C:0C46H         LINE#         132
  C:0C4FH         LINE#         135
  C:0C54H         LINE#         136
  C:0C5EH         LINE#         137
  C:0C6CH         LINE#         138
  C:0C6CH         LINE#         139
  C:0C71H         LINE#         141
  C:0C76H         LINE#         142
  C:0C7AH         LINE#         143
  C:0C8CH         LINE#         144
  C:0C92H         LINE#         145
  C:0C9BH         LINE#         146
  C:0C9BH         LINE#         147
  C:0CA5H         LINE#         148
  -------         ENDPROC       MATRIX_SCAN
  -------         ENDMOD        MATRIX

  -------         MODULE        MAIN
  C:0000H         SYMBOL        _ICE_DUMMY_
  D:0080H         PUBLIC        P0
  D:0090H         PUBLIC        P1
  D:00A0H         PUBLIC        P2
  D:00B0H         PUBLIC        P3
  D:00C0H         PUBLIC        P4
  B:00A8H.7       PUBLIC        EA
  D:00E8H         PUBLIC        IE_EX
  D:00A8H         PUBLIC        IE
  D:00B8H         PUBLIC        IP
  C:0FF4H         PUBLIC        main
  D:0098H         PUBLIC        SCON
  D:0088H         PUBLIC        TCON
  D:00F8H         PUBLIC        SPI0_STAT
  D:00C8H         PUBLIC        T2CON
  D:00D0H         PUBLIC        PSW
  -------         PROC          MAIN
  C:0FF4H         LINE#         6
BL51 BANKED LINKER/LOCATER V6.22.4.0                                                  07/30/2026  15:48:51  PAGE 7


  C:0FF4H         LINE#         7
  C:0FF4H         LINE#         8
  C:0FF7H         LINE#         9
  C:0FFEH         LINE#         11
  C:1001H         LINE#         12
  C:1004H         LINE#         13
  C:1006H         LINE#         15
  C:1006H         LINE#         16
  C:1006H         LINE#         17
  C:100CH         LINE#         18
  C:100CH         LINE#         19
  C:100FH         LINE#         21
  C:1015H         LINE#         22
  C:1015H         LINE#         23
  C:101BH         LINE#         24
  C:101DH         LINE#         25
  C:1027H         LINE#         26
  C:1027H         LINE#         27
  C:1027H         LINE#         29
  C:102EH         LINE#         30
  -------         ENDPROC       MAIN
  -------         ENDMOD        MAIN

  -------         MODULE        USB_HANDLER
  C:0000H         SYMBOL        _ICE_DUMMY_
  D:0080H         PUBLIC        P0
  D:0090H         PUBLIC        P1
  D:00A0H         PUBLIC        P2
  D:00B0H         PUBLIC        P3
  C:0FB5H         PUBLIC        _Send_Keyboard_Report
  D:00C0H         PUBLIC        P4
  X:0023H         PUBLIC        UsbConfig
  D:00E8H         PUBLIC        IE_EX
  D:00A8H         PUBLIC        IE
  C:0DC4H         PUBLIC        CfgDesc
  D:00B8H         PUBLIC        IP
  C:0D74H         PUBLIC        DevDesc
  X:0024H         PUBLIC        D0SetupLen
  X:0026H         PUBLIC        D0SetupReqCode
  D:0098H         PUBLIC        SCON
  D:0088H         PUBLIC        TCON
  C:1062H         PUBLIC        InitUSB_Device
  D:00F8H         PUBLIC        SPI0_STAT
  C:0DE6H         PUBLIC        MyLangDescr
  C:0D86H         PUBLIC        KeyRepDesc
  X:0027H         PUBLIC        pD0Descr
  B:00E8H.1       PUBLIC        IE_USB
  X:002AH         PUBLIC        Endp1Busy
  D:00C8H         PUBLIC        T2CON
  C:0DEAH         PUBLIC        MyManuInfo
  C:0DF8H         PUBLIC        MyProdInfo
  C:0800H         PUBLIC        USB_DeviceInterrupt
  X:002BH         PUBLIC        Ready
  D:00D0H         PUBLIC        PSW
  C:0E90H         SYMBOL        Com0048
  C:0E90H         SYMBOL        L?0073
  C:0E92H         SYMBOL        L?0074
BL51 BANKED LINKER/LOCATER V6.22.4.0                                                  07/30/2026  15:48:51  PAGE 8


  C:0E98H         SYMBOL        L?0075
  C:0E9FH         SYMBOL        L?0076
  C:0EC0H         SYMBOL        L?0077
  C:0EDEH         SYMBOL        L?0078
  C:0EE5H         SYMBOL        L?0079
  C:0EECH         SYMBOL        L?0080
  C:0EFAH         SYMBOL        L?0081
  C:0F03H         SYMBOL        L?0082
  C:0F0FH         SYMBOL        L?0083
  -------         PROC          COM0048
  -------         ENDPROC       COM0048
  -------         PROC          _SEND_KEYBOARD_REPORT
  X:001BH         SYMBOL        buf
  D:0005H         SYMBOL        len
  -------         DO            
  X:001EH         SYMBOL        _i
  -------         ENDDO         
  C:0FB5H         LINE#         49
  C:0FBBH         LINE#         50
  C:0FBBH         LINE#         51
  C:0FECH         LINE#         52
  C:0FEDH         LINE#         53
  C:0FF3H         LINE#         54
  -------         ENDPROC       _SEND_KEYBOARD_REPORT
  -------         PROC          USB_DEVICEINTERRUPT
  -------         DO            
  X:0017H         SYMBOL        us
  X:0018H         SYMBOL        len
  C:081CH         SYMBOL        USB_DevIntNext
  -------         DO            
  X:001AH         SYMBOL        _i
  -------         ENDDO         
  -------         DO            
  X:001AH         SYMBOL        _i
  -------         ENDDO         
  -------         ENDDO         
  C:0800H         LINE#         56
  C:080DH         LINE#         61
  C:0815H         LINE#         62
  C:081CH         LINE#         63
  C:081CH         LINE#         64
  C:083AH         LINE#         65
  C:083AH         LINE#         66
  C:083AH         LINE#         67
  C:083BH         LINE#         68
  C:0841H         LINE#         69
  C:0846H         LINE#         70
  C:084FH         LINE#         71
  C:0852H         LINE#         73
  C:0852H         LINE#         74
  C:0852H         LINE#         75
  C:085DH         LINE#         76
  C:085DH         LINE#         77
  C:0870H         LINE#         78
  C:087DH         LINE#         79
  C:087DH         LINE#         80
  C:0880H         LINE#         81
BL51 BANKED LINKER/LOCATER V6.22.4.0                                                  07/30/2026  15:48:51  PAGE 9


  C:0885H         LINE#         82
  C:088CH         LINE#         83
  C:088FH         LINE#         84
  C:088FH         LINE#         85
  C:0898H         LINE#         86
  C:0898H         LINE#         87
  C:089AH         LINE#         88
  C:089AH         LINE#         89
  C:089FH         LINE#         90
  C:08A5H         LINE#         91
  C:08A8H         LINE#         92
  C:08A8H         LINE#         93
  C:08A8H         LINE#         95
  C:08A8H         LINE#         96
  C:08A8H         LINE#         97
  C:08AFH         LINE#         98
  C:08B2H         LINE#         100
  C:08B2H         LINE#         101
  C:08BFH         LINE#         102
  C:08C5H         LINE#         103
  C:08DDH         LINE#         104
  C:08E5H         LINE#         105
  C:08FDH         LINE#         106
  C:0901H         LINE#         108
  C:090CH         LINE#         109
  C:0925H         LINE#         110
  C:0925H         LINE#         111
  C:0938H         LINE#         112
  C:0945H         LINE#         113
  C:0951H         LINE#         114
  C:0951H         LINE#         115
  C:095EH         LINE#         116
  C:096CH         LINE#         117
  C:097AH         LINE#         118
  C:0988H         LINE#         119
  C:0988H         LINE#         120
  C:0988H         LINE#         121
  C:0988H         LINE#         122
  C:0988H         LINE#         123
  C:098EH         LINE#         124
  C:0994H         LINE#         125
  C:0996H         LINE#         126
  C:099CH         LINE#         127
  C:099CH         LINE#         128
  C:09B6H         LINE#         129
  C:09C9H         LINE#         130
  C:09D6H         LINE#         131
  C:09D6H         LINE#         132
  C:09D9H         LINE#         133
  C:09DBH         LINE#         135
  C:09EAH         LINE#         136
  C:09EAH         LINE#         137
  C:09F2H         LINE#         138
  C:09FAH         LINE#         139
  C:09FCH         LINE#         140
  C:0A02H         LINE#         141
  C:0A02H         LINE#         142
BL51 BANKED LINKER/LOCATER V6.22.4.0                                                  07/30/2026  15:48:51  PAGE 10


  C:0A02H         LINE#         144
  C:0A0EH         LINE#         145
  C:0A14H         LINE#         146
  C:0A16H         LINE#         147
  C:0A1BH         LINE#         148
  C:0A21H         LINE#         149
  C:0A21H         LINE#         150
  C:0A21H         LINE#         151
  C:0A21H         LINE#         152
  C:0A21H         LINE#         153
  C:0A21H         LINE#         154
  C:0A23H         LINE#         155
  C:0A2BH         LINE#         156
  C:0A31H         LINE#         157
  C:0A33H         LINE#         158
  C:0A38H         LINE#         159
  C:0A3CH         LINE#         160
  C:0A3CH         LINE#         161
  C:0A3FH         LINE#         162
  C:0A44H         LINE#         163
  C:0A46H         LINE#         164
  C:0A4CH         LINE#         165
  C:0A53H         LINE#         166
  C:0A55H         LINE#         167
  C:0A59H         LINE#         168
  C:0A60H         LINE#         169
  C:0A65H         LINE#         170
  C:0A65H         LINE#         172
  C:0A6FH         LINE#         173
  -------         ENDPROC       USB_DEVICEINTERRUPT
  -------         PROC          INITUSB_DEVICE
  C:1062H         LINE#         175
  C:1062H         LINE#         176
  C:1062H         LINE#         177
  C:1064H         LINE#         178
  C:1069H         LINE#         179
  C:106EH         LINE#         180
  C:1073H         LINE#         181
  C:1076H         LINE#         182
  C:1076H         LINE#         183
  C:1079H         LINE#         184
  C:107FH         LINE#         185
  C:1083H         LINE#         186
  C:1085H         LINE#         187
  -------         ENDPROC       INITUSB_DEVICE
  -------         ENDMOD        USB_HANDLER

  -------         MODULE        ?C?CLDOPTR
  C:0F1BH         PUBLIC        ?C?CLDOPTR
  -------         ENDMOD        ?C?CLDOPTR

  -------         MODULE        ?C?IILDX
  C:0F48H         PUBLIC        ?C?IILDX
  -------         ENDMOD        ?C?IILDX

  -------         MODULE        ?C?PLDXDATA
  C:0F5EH         PUBLIC        ?C?PLDXDATA
BL51 BANKED LINKER/LOCATER V6.22.4.0                                                  07/30/2026  15:48:51  PAGE 11


  -------         ENDMOD        ?C?PLDXDATA

  -------         MODULE        ?C?PSTXDATA
  C:0F67H         PUBLIC        ?C?PSTXDATA
  -------         ENDMOD        ?C?PSTXDATA

******************************************************************************
* RESTRICTED VERSION WITH 0800H BYTE CODE SIZE LIMIT; USED: 07FFH BYTE (99%) *
******************************************************************************

Program Size: data=17.0 xdata=44 code=2276
LINK/LOCATE RUN COMPLETE.  0 WARNING(S),  0 ERROR(S)
